IMPORT
>>> matrix_divided = __import__('2-matrix_divided').matrix_divided


TESTS

Different lengths
>>> matrix_divided([[1, 2, 3], [4, 5]], 2)
Traceback (most recent call last):
TypeError: Each row of the matrix must have the same size

Not a list
>>> matrix_divided("a", 2)
Traceback (most recent call last):
TypeError: matrix must be a matrix (list of lists) of integers/floats

Division by 0
>>> matrix_divided([[1, 2, 3], [4, 5, 6]], 0)
Traceback (most recent call last):
ZeroDivisionError: division by zero

Correct case
>>> matrix_divided([[1, 2, 3], [4, 5, 6]], 3)
[[0.33, 0.67, 1.0], [1.33, 1.67, 2.0]]

Div = string
>>> matrix_divided([[1, 2, 3], [4, 5, 6]], "a")
Traceback (most recent call last):
TypeError: div must be a number

Float infinite
>>> matrix_divided([[1, 2, 3], [4, 5, 6]], float('inf'))
[[0.0, 0.0, 0.0], [0.0, 0.0, 0.0]]

Missing one argument
>>> matrix_divided([[1, 2, 3], [4, 5, 6]])
Traceback (most recent call last):
TypeError: matrix_divided() missing 1 required positional argument: 'div'

Missing two argument
>>> matrix_divided()
Traceback (most recent call last):
TypeError: matrix_divided() missing 2 required positional arguments: 'matrix' and 'div'