IMPORT
>>> say_my_name = __import__('3-say_my_name').say_my_name

TESTS
>>> say_my_name("Mr.", "White")
My name is Mr. White

>>> say_my_name("Mr.")
My name is Mr. 

>>> say_my_name("", "White")
My name is  White

>>> say_my_name("Mr.", 5)
Traceback (most recent call last):
TypeError: last_name must be a string

>>> say_my_name(5, "White")
Traceback (most recent call last):
TypeError: first_name must be a string

>>> say_my_name()
Traceback (most recent call last):
TypeError: say_my_name() missing 1 required positional argument: 'first_name'